// Jest Snapshot v1, https://jestjs.io/docs/snapshot-testing

exports[`KanbanBoard matches snapshot with tasks 1`] = `
<div>
  <div
    class="p-6 md:p-8 lg:p-10 min-h-screen"
  >
    <div
      class="flex items-center justify-between mb-8"
    >
      <div
        class="flex items-center gap-4"
      >
        <h1
          class="text-3xl font-bold text-gray-800"
        >
          TaskBoard Pro
        </h1>
        <span
          class="text-sm text-gray-600 bg-white/40 px-3 py-1 rounded-full"
        >
          0
           task
          s
        </span>
      </div>
      <div
        class="flex items-center gap-3"
      >
        <span
          class="text-sm text-gray-600"
        >
          test@example.com
        </span>
        <button
          class="px-3 py-2 bg-gray-200/50 hover:bg-gray-300/50 text-gray-700 font-medium rounded-lg transition-colors"
        >
          Logout
        </button>
        <button
          class="px-4 py-2 bg-purple-500/80 hover:bg-purple-600/80 text-white font-medium rounded-lg transition-colors shadow-lg"
        >
          + Add Task
        </button>
      </div>
    </div>
    <div
      class="flex gap-4 md:gap-6 overflow-x-auto pb-4"
    >
      <div
        class="flex-1 flex items-center justify-center"
      >
        <div
          class="text-gray-500"
        >
          Loading...
        </div>
      </div>
    </div>
  </div>
  <div
    id="DndDescribedBy-3"
    style="display: none;"
  >
    
    To pick up a draggable item, press the space bar.
    While dragging, use the arrow keys to move the item.
    Press space again to drop the item in its new position, or press escape to cancel.
  
  </div>
  <div
    aria-atomic="true"
    aria-live="assertive"
    id="DndLiveRegion-3"
    role="status"
    style="position: fixed; top: 0px; left: 0px; width: 1px; height: 1px; margin: -1px; border: 0px; padding: 0px; overflow: hidden; clip-path: inset(100%); white-space: nowrap;"
  />
</div>
`;
